[00:00:00] [Client thread/INFO]: [CHAT] ONLINE: Luj8n, Hypixel, Centranos, Skeppy, MartinLV, ggimoji, notahypickleplayer, Breefing
